node.exe : npm warn Unknown env config "devdir". This will stop working in the next major version of npm. See `npm 
help npmrc` for supported config options.
At line:1 char:1
+ & "C:\Program Files\nodejs/node.exe" "C:\Program Files\nodejs/node_mo ...
+ ~~~~~~~~~~~~~~~~~~~~~~~~~~~~~~~~~~~~~~~~~~~~~~~~~~~~~~~~~~~~~~~~~~~~~
    + CategoryInfo          : NotSpecified: (npm warn Unknow...config options.:String) [], RemoteException
    + FullyQualifiedErrorId : NativeCommandError
 

> lumiere-prestige-web@1.0.0 build
> next build

   Γû▓ Next.js 15.5.19
   - Environments: .env.local
   - Experiments (use with caution):
     ┬╖ optimizePackageImports

   Creating an optimized production build ...
 Γ£ô Compiled successfully in 46s
   Linting and checking validity of types ...
   Collecting page data ...
unhandledRejection [Error: Cannot find module './611.js'
Require stack:
- C:\Users\Josue\lumiere-prestige-web\.next\server\webpack-runtime.js
- C:\Users\Josue\lumiere-prestige-web\.next\server\pages\_document.js
- C:\Users\Josue\lumiere-prestige-web\node_modules\next\dist\server\require.js
- C:\Users\Josue\lumiere-prestige-web\node_modules\next\dist\server\load-components.js
- C:\Users\Josue\lumiere-prestige-web\node_modules\next\dist\build\utils.js
- C:\Users\Josue\lumiere-prestige-web\node_modules\next\dist\build\worker.js
- C:\Users\Josue\lumiere-prestige-web\node_modules\next\dist\compiled\jest-worker\processChild.js] {
  type: 'Error',
  code: 'MODULE_NOT_FOUND',
  requireStack: [Array]
}
